year	age	male	female
1920	0	11	12
1920	1	13	14
1920	2	15	16
2000	0	21	22
2000	1	23	24
2000	2	25	26
2001	0	31	32
2001	1	33	34
2001	2	35	36
